=== 22:13:09 pid= AP=32.0
1456/1950 1053/1950 1053/1950 1053/1950 1508/2314 507/2314 520/2730 520/2730 cur/cap_MHz
=== 22:13:13 pid= AP=32.3
1300/1950 949/1950 1053/1950 1053/1950 507/2314 507/2314 1248/2730 1248/2730 cur/cap_MHz
=== 22:13:17 pid= AP=32.3
1157/1950 442/1950 806/1950 1053/1950 507/2314 1404/2314 1248/2730 1248/2730 cur/cap_MHz
=== 22:13:21 pid= AP=32.6
1157/1950 442/1950 1053/1950 806/1950 1508/2314 1404/2314 1248/2730 1248/2730 cur/cap_MHz
=== 22:13:25 pid= AP=32.6
1300/1950 1456/1950 1456/1950 1053/1950 507/2314 1404/2314 520/2730 520/2730 cur/cap_MHz
=== 22:13:29 pid= AP=33.5
1846/1950 1456/1950 1456/1950 1456/1950 507/2314 1404/2314 520/2730 520/2730 cur/cap_MHz
=== 22:13:33 pid= AP=33.5
1950/1950 1950/1950 1950/1950 1950/1950 2314/2314 1404/2314 1378/2730 520/2730 cur/cap_MHz
=== 22:13:37 pid=30834 AP=33.5
1950/1950 1846/1950 1053/1950 1157/1950 507/2314 1508/2314 2530/2600 2530/2530 cur/cap_MHz
  TID CPU %CPU[S
30834   2 14.2 S
30842   2  3.5 S
30917   4  0.0 S
30916   5  0.0 S
30912   7  0.0 S
=== 22:13:41 pid=30834 AP=44.5
1157/1950 1053/1950 1053/1950 1300/1950 2314/2314 2314/2314 2236/2236 2236/2236 cur/cap_MHz
  TID CPU %CPU[S
30842   2 42.8 S
30834   2 14.2 S
30905   3 10.7 S
30912   7  0.0 S
30907   6  0.0 S
=== 22:13:46 pid=30834 AP=44.5
1586/1950 1053/1950 1053/1950 1053/1950 1404/2314 1404/2314 2236/2236 2236/2236 cur/cap_MHz
  TID CPU %CPU[S
30905   0 14.2 S
30834   3 10.7 S
31054   0  0.0 S
31051   4  0.0 S
31050   4  0.0 S
=== 22:13:50 pid=30834 AP=55.2
1586/1950 1157/1950 1053/1950 1053/1950 1404/2314 1404/2314 2080/2080 2080/1976 cur/cap_MHz
  TID CPU %CPU[S
30834   2 14.2 S
30905   1  7.1 S
31054   3  0.0 S
31049   3  0.0 S
31048   0  0.0 S
=== 22:13:55 pid=30834 AP=55.2
1456/1950 806/1950 806/1950 1053/1950 1404/2314 1404/2314 2080/2080 2080/2080 cur/cap_MHz
  TID CPU %CPU[S
30905   2 14.2 S
30834   1 14.2 S
31196   3  0.0 S
31195   1  0.0 S
31054   4  0.0 S
=== 22:13:59 pid=30834 AP=59.4
1300/1950 1053/1950 1053/1950 1053/1950 1794/2314 1404/2314 1976/1976 1976/1976 cur/cap_MHz
  TID CPU %CPU[S
30834   1 10.7 S
30905   2  7.1 S
31196   3  0.0 S
31195   2  0.0 S
31049   3  0.0 S
=== 22:14:03 pid=30834 AP=59.4
1950/1950 1950/1950 1950/1950 1950/1950 1404/2314 1404/2314 2080/2080 2080/2080 cur/cap_MHz
  TID CPU %CPU[S
30834   1 17.8 S
30905   2  7.1 S
31196   3  0.0 S
31195   2  0.0 S
31049   3  0.0 S
=== 22:14:08 pid=30834 AP=59.4
1586/1950 1846/1950 1950/1950 1846/1456 1690/2314 1066/2314 1820/1820 1664/1664 cur/cap_MHz
  TID CPU %CPU[S
30905   3 10.7 S
30834   3  7.1 S
30904   3  3.5 S
31415   3  0.0 S
31196   3  0.0 S
=== 22:14:12 pid=30834 AP=59.6
1456/1950 1456/1846 1456/1846 1456/1846 2314/2314 2314/2314 1664/1664 1456/1378 cur/cap_MHz
  TID CPU %CPU[S
30905   1 10.7 S
30834   0  7.1 S
31196   3  0.0 S
31195   1  0.0 S
31049   3  0.0 S
=== 22:14:16 pid=30834 AP=59.6
1053/1950 1053/1950 806/1950 1053/1950 1690/2314 1404/2314 1976/1976 1976/1976 cur/cap_MHz
  TID CPU %CPU[S
30905   0 10.7 S
31195   3  7.1 S
31196   3  0.0 S
31048   0  0.0 S
31049   3  0.0 S
=== 22:14:21 pid=30834 AP=61.4
1456/1950 1053/1950 1053/1950 949/1950 1404/2314 507/2314 1976/2080 2080/1976 cur/cap_MHz
  TID CPU %CPU[S
30905   3 11.1 S
30834   0 11.1 S
31639   0  0.0 S
31196   2  0.0 S
31195   3  0.0 S
=== 22:14:25 pid=30834 AP=61.4
1456/1950 1053/1950 1053/1950 1053/1950 1404/2314 1404/2314 1976/1976 1976/1976 cur/cap_MHz
  TID CPU %CPU[S
30834   3 21.4 S
31195   0 10.7 S
30905   3  7.1 S
31196   2  0.0 S
31049   3  0.0 S
=== 22:14:30 pid= AP=59.0
1950/1950 1950/1950 1950/1950 1950/1950 2314/2314 2314/2314 2236/2236 2236/2236 cur/cap_MHz
