=== 22:25:56 pid= AP=43.9
1846/1950 1950/1950 1950/1950 1950/1950 1404/2314 1066/2314 520/2730 520/2730 cur/cap_MHz
=== 22:25:59 pid= AP=43.3
1950/1950 1950/1950 1950/1950 1950/1950 1404/2314 1404/2314 520/2730 520/2730 cur/cap_MHz
=== 22:26:02 pid= AP=43.3
1950/1950 1950/1950 1950/1950 1950/1950 1404/2314 1508/2314 1040/2730 819/2730 cur/cap_MHz
=== 22:26:05 pid= AP=43.3
1846/1950 1950/1950 1950/1950 1950/1950 1404/2314 1404/2314 520/2730 520/2730 cur/cap_MHz
=== 22:26:08 pid= AP=43.3
1846/1950 1950/1950 1950/1950 1950/1950 1404/2314 1508/2314 520/2730 819/2730 cur/cap_MHz
=== 22:26:11 pid= AP=42.4
1846/1950 1950/1950 1950/1950 1950/1950 1404/2314 1508/2314 520/2730 520/2730 cur/cap_MHz
=== 22:26:13 pid= AP=42.4
1846/1950 1950/1950 1950/1950 1950/1950 1404/2314 507/2314 624/2730 520/2730 cur/cap_MHz
=== 22:26:16 pid= AP=42.4
1950/1950 1950/1950 1950/1950 1950/1950 1222/2314 1404/2314 520/2730 936/2730 cur/cap_MHz
=== 22:26:19 pid= AP=43.1
1950/1950 1950/1950 1950/1950 1950/1950 2002/2314 2002/2314 1820/2530 1820/2600 cur/cap_MHz
=== 22:26:23 pid=9897 AP=43.1
1950/1950 1950/1950 1950/1950 1950/1950 2314/2314 2314/2314 2340/2340 2340/2340 cur/cap_MHz
 9975   6  100 R
 9940   7  7.4 R
 9897   7  7.4 S
 9939   5  3.7 R
 9935   2  3.7 S
 9976   7  0.0 S
=== 22:26:26 pid=9897 AP=43.1
1950/1950 1950/1950 1950/1950 1950/1950 507/2314 1404/2314 1664/2530 1664/2530 cur/cap_MHz
 9975   6  103 R
 9935   0  7.1 S
 9897   1  3.5 S
 9976   7  0.0 S
 9942   7  0.0 S
 9940   4  0.0 S
=== 22:26:29 pid=9897 AP=48.9
1950/1950 1950/1950 1950/1950 1950/1950 1898/2314 1898/2314 1664/2530 1664/2600 cur/cap_MHz
 9942   7 1893 S
 9929   7  231 S
 9934   1  141 S
 9927   7  127 S
 9897   4 79.3 S
 9937   1 31.0 S
=== 22:26:33 pid=9897 AP=48.9
1950/1950 1950/1950 1950/1950 1950/1950 1690/2314 1794/2314 1560/2236 1560/2236 cur/cap_MHz
 9975   7  117 R
10059   4 32.1 S
10133   6 28.5 R
10060   5 17.8 S
 9935   3 17.8 S
10058   5 14.2 S
=== 22:26:36 pid=9897 AP=48.9
1846/1950 1950/1950 1950/1950 1846/1846 1794/2314 1794/2314 1560/2080 1560/1976 cur/cap_MHz
 9975   6  106 R
 9897   1 12.9 D
 9935   2  9.6 S
 9934   3  3.2 S
10257   7  0.0 R
10255   4  0.0 R
=== 22:26:40 pid=9897 AP=55.1
1053/1950 1950/1950 1950/1950 1950/1950 1794/2314 1794/2314 1560/2470 1560/2470 cur/cap_MHz
 9975   7  117 R
 9935   2 17.2 S
 9897   0 17.2 R
10056   1  0.0 S
10057   1  0.0 S
10029   0  0.0 S
=== 22:26:51 pid=9897 AP=52.1
1950/1950 1950/1950 1053/1950 1950/1950 1690/2314 1690/2314 1378/2600 1378/2600 cur/cap_MHz
10352   7  109 R
 9975   6  109 R
10351   5 53.1 R
10350   5 53.1 R
 9935   0  6.2 S
 9897   1  6.2 S
=== 22:26:55 pid=9897 AP=52.1
1742/1950 1950/1950 1053/1950 1053/1950 1690/2314 1690/2314 1378/2600 1378/2600 cur/cap_MHz
 9975   6  124 R
 9935   0 13.7 R
 9897   1 13.7 S
10349   2  0.0 S
10056   1  0.0 S
10057   1  0.0 S
=== 22:26:59 pid=9897 AP=52.1
1950/1950 1950/1950 1950/1950 1053/1950 1690/2314 1690/2314 1378/2470 1378/2470 cur/cap_MHz
 9975   7  102 R
10480   4  8.8 R
 9935   1  8.8 S
 9897   0  8.8 S
10349   1  0.0 S
10057   1  0.0 S
=== 22:27:03 pid=9897 AP=49.3
1456/1950 1950/1950 1950/1950 1950/1950 1690/2314 1690/2314 1378/2470 1378/2470 cur/cap_MHz
10542   4  117 R
10541   6  117 R
10543   7 58.6 R
 9975   7 58.6 R
 9897   2 10.3 R
 9935   0  6.8 S
=== 22:27:06 pid=9897 AP=49.3
1742/1950 1053/1950 949/1950 1053/1950 1690/2314 1690/2314 1378/2600 1378/2600 cur/cap_MHz
10542   4  117 R
10541   6  117 R
10543   7 58.6 R
 9975   7 58.6 R
 9935   1  6.8 S
 9897   3  6.8 S
=== 22:27:10 pid=9897 AP=49.6
1053/1950 1053/1950 1950/1950 1053/1950 1690/2314 1690/2314 1378/2600 1378/2730 cur/cap_MHz
10541   6  120 R
10542   4  117 R
10543   7 58.6 R
 9975   7 58.6 R
 9897   1  6.8 S
 9935   0  3.4 S
=== 22:27:13 pid=9897 AP=49.6
1950/1950 1950/1950 949/1950 1053/1950 1690/2314 1690/2314 1378/2600 1378/2600 cur/cap_MHz
10649   7  109 R
 9975   6  109 R
10648   4 56.2 R
10650   4 53.1 R
 9935   2  9.3 S
 9897   1  9.3 S
=== 22:27:17 pid=9897 AP=49.6
1053/1950 1950/1950 1950/1950 1300/1950 1690/2314 1690/2314 1378/2730 1378/2600 cur/cap_MHz
 9975   6  113 R
10682   5 48.2 S
 9935   0 17.2 R
 9897   1 17.2 S
10056   1  0.0 S
10057   1  0.0 S
=== 22:27:20 pid=9897 AP=49.1
1950/1950 1950/1950 1950/1950 1053/1950 1690/2314 1690/2314 1378/2470 1378/2470 cur/cap_MHz
 9942   5 16332 S
 9934   3 1477 S
 9929   7  216 S
10776   0 51.6 S
 9933   5 38.7 S
 9937   3 29.0 S
=== 22:27:24 pid=9897 AP=49.1
1950/1950 1950/1950 1053/1950 1053/1950 1690/2314 1690/2314 1378/2600 1378/2600 cur/cap_MHz
10810   6  117 R
 9975   7  117 R
10809   5 62.0 R
10811   5 55.1 R
 9935   0 10.3 S
 9897   3  3.4 S
=== 22:27:27 pid=9897 AP=49.1
1053/1950 1950/1950 1053/1950 1053/1950 1690/2314 1690/2314 1378/2730 1378/2600 cur/cap_MHz
 9975   7  120 R
10810   6  117 R
10809   5 62.0 R
10811   5 58.6 R
 9935   0 10.3 R
 9897   2  6.8 S
=== 22:27:31 pid=9897 AP=49.2
1950/1950 1950/1950 1053/1950 1950/1950 1690/2314 1690/2314 1378/2730 1378/2600 cur/cap_MHz
10810   6  117 R
 9975   7  117 R
10811   5 58.6 R
10809   5 58.6 R
 9935   1  6.8 S
 9897   1  3.4 S
=== 22:27:34 pid=9897 AP=49.2
1950/1950 1950/1950 1157/1950 1456/1950 1690/2314 1690/2314 1378/2470 1378/2470 cur/cap_MHz
 9975   6  100 R
 9935   3 11.7 S
 9897   3 11.7 S
10905   4  0.0 S
10904   4  0.0 S
10057   1  0.0 S
=== 22:27:38 pid=9897 AP=49.2
1950/1950 1950/1950 1950/1950 1053/1950 1690/2314 1690/2314 1378/2530 1378/2470 cur/cap_MHz
11016   7  117 R
 9975   6  117 R
11017   4 58.6 R
11015   4 58.6 R
 9935   1 10.3 S
 9897   3  6.8 S
=== 22:27:41 pid=9897 AP=51.4
1950/1950 1950/1950 1950/1950 1053/1950 1690/2314 1690/2314 1378/2600 1378/2600 cur/cap_MHz
11016   7  120 R
 9975   6  120 R
11017   4 62.0 R
11015   4 58.6 R
 9935   3  6.8 S
 9897   3  6.8 S
=== 22:27:45 pid=9897 AP=51.4
1053/1950 1950/1950 1950/1950 1053/1950 1690/2314 1690/2314 1378/2600 1378/2730 cur/cap_MHz
11089   6  117 R
 9975   7  117 R
11088   4 58.6 R
11087   4 58.6 R
 9935   1  6.8 S
 9897   0  6.8 S
=== 22:27:48 pid=9897 AP=51.4
1950/1950 1950/1950 1053/1950 1950/1950 1690/2314 1690/2314 1378/2470 1378/2470 cur/cap_MHz
11198   6  115 R
 9975   4  115 R
11196   5 75.0 R
11195   5 75.0 R
 9935   1  9.3 S
 9897   3  6.2 S
=== 22:27:52 pid=9897 AP=49.6
1456/1950 1950/1950 1950/1950 1950/1950 1690/2314 1690/2314 1378/2470 1040/2470 cur/cap_MHz
 9975   6  121 R
 9897   0 14.2 S
 9935   2 10.7 S
11268   7  3.5 R
11125   3  3.5 S
10057   1  0.0 S
=== 22:27:56 pid=9897 AP=49.6
1456/1950 1157/1950 1950/1950 1950/1950 1690/2314 1690/2314 1378/2340 1378/2340 cur/cap_MHz
 9975   6  125 R
11351   7  121 R
11350   4 64.2 R
11352   4 60.7 R
 9935   1 14.2 S
 9897   3  7.1 R
=== 22:28:00 pid=9897 AP=51.5
1456/1950 1053/1950 1053/1950 1950/1950 1690/2314 1690/2314 1378/2600 1378/2600 cur/cap_MHz
 9975   6  120 R
11351   7  117 R
11350   4 62.0 R
11352   4 58.6 R
 9935   0  6.8 S
 9897   1  3.4 S
=== 22:28:03 pid=9897 AP=51.5
1950/1950 1950/1950 949/1950 1053/1950 1690/2314 1690/2314 1378/2600 1378/2600 cur/cap_MHz
 9975   6  120 R
11351   7  117 R
11352   4 62.0 R
11350   4 58.6 R
 9935   2 10.3 S
 9897   0 10.3 S
=== 22:28:07 pid=9897 AP=51.5
1300/1950 1053/1950 1053/1950 1053/1950 1690/2314 1690/2314 1378/2600 1378/2600 cur/cap_MHz
11451   6  120 R
11450   4  117 R
11449   7 58.6 R
 9975   7 58.6 R
 9935   0  6.8 S
 9897   0  6.8 S
=== 22:28:10 pid=9897 AP=50.4
1053/1950 1053/1950 1053/1950 949/1950 1690/2314 1690/2314 1378/2600 1378/2600 cur/cap_MHz
11451   6  117 R
11450   4  117 R
11449   7 58.6 R
 9975   7 58.6 R
 9897   0 10.3 S
 9935   2  6.8 S
=== 22:28:13 pid=9897 AP=50.4
1053/1950 1053/1950 1053/1950 1053/1950 1690/2314 1690/2314 1378/2600 1378/2600 cur/cap_MHz
11451   6  120 R
11450   4  120 R
 9975   7 62.0 R
11449   7 58.6 R
 9935   3  6.8 S
 9897   1  6.8 S
=== 22:28:17 pid=9897 AP=50.4
1950/1950 1950/1950 1950/1950 1950/1950 1690/2314 1690/2314 1378/2470 1378/2470 cur/cap_MHz
 9975   6  115 R
11616   7 31.2 R
11615   5 28.1 R
11614   4 28.1 R
 9935   1 18.7 S
 9897   1 15.6 S
=== 22:28:21 pid=9897 AP=50.6
1456/1950 1950/1950 1586/1950 1950/1950 1690/2314 1586/2314 1378/2470 1378/2340 cur/cap_MHz
 9975   7  100 R
11724   6 14.7 R
 9935   2 11.7 S
 9897   3  8.8 S
11626   1  2.9 S
11636   1  0.0 S
=== 22:28:25 pid=9897 AP=50.6
1053/1950 1950/1950 1950/1950 1950/1950 1690/2314 1690/2314 1378/2470 1378/2340 cur/cap_MHz
 9975   6 92.8 R
 9897   1 32.1 S
 9935   0 14.2 S
11626   2  0.0 S
10057   1  0.0 S
10056   1  0.0 S
