=== 22:24:19 pid= AP=44.8
1846/1950 1053/1950 1053/1950 1053/1950 1404/2314 1404/2314 1040/2730 520/2730 cur/cap_MHz
=== 22:24:22 pid= AP=41.9
1300/1950 806/1950 806/1950 806/1950 507/2314 1404/2314 1248/2730 1248/2730 cur/cap_MHz
=== 22:24:25 pid= AP=41.9
806/1950 806/1950 442/1950 806/1950 1404/2314 1404/2314 1378/2730 520/2730 cur/cap_MHz
=== 22:24:28 pid= AP=41.9
1742/1950 806/1950 1053/1950 650/1950 1404/2314 507/2314 520/2730 520/2730 cur/cap_MHz
=== 22:24:31 pid= AP=40.6
1157/1950 806/1950 650/1950 1053/1950 507/2314 1404/2314 1248/2730 520/2730 cur/cap_MHz
=== 22:24:34 pid= AP=40.6
1950/1950 1950/1950 1950/1950 1950/1950 507/2314 1066/2314 520/2730 819/2730 cur/cap_MHz
=== 22:24:37 pid= AP=40.6
1846/1950 1950/1950 1950/1950 1586/1950 507/2314 1404/2314 520/2730 520/2730 cur/cap_MHz
=== 22:24:40 pid= AP=41.3
1950/1950 1950/1950 1950/1950 1950/1950 1404/2314 1404/2314 819/2730 520/2730 cur/cap_MHz
=== 22:24:43 pid= AP=41.3
1950/1950 1950/1950 1950/1950 1950/1950 1404/2314 1404/2314 520/2730 2530/2730 cur/cap_MHz
=== 22:24:48 pid=8530 AP=41.3
1950/1950 1950/1950 1950/1950 1950/1950 2314/2314 2314/2314 2340/2340 2340/2340 cur/cap_MHz
 8587   6  103 R
 8530   7  3.7 R
 8588   5  0.0 S
 8579   4  0.0 S
 8580   7  0.0 S
 8578   7  0.0 S
=== 22:24:51 pid=8530 AP=49.5
1950/1950 1950/1950 1950/1950 1950/1950 507/2314 1404/2314 2340/2340 2236/2236 cur/cap_MHz
 8580   7 1266 S
 8578   7  162 S
 8573   3 11.1 S
 8530   1  7.4 R
 8576   7  0.0 S
 8575   6  0.0 S
=== 22:24:54 pid=8530 AP=49.5
1456/1456 1456/1456 1456/1456 1456/1456 2314/2314 2314/2314 2080/2080 2080/2080 cur/cap_MHz
 8587   5  111 R
 8573   1  7.4 R
 8530   0  7.4 S
 8667   0  0.0 S
 8661   4  0.0 S
 8660   4  0.0 S
=== 22:24:57 pid=8530 AP=49.5
1950/1950 1950/1950 1950/1950 1846/1950 1690/2314 2106/2106 1560/1664 1560/1560 cur/cap_MHz
 8587   7  100 R
 8785   5 25.0 R
 8783   6 25.0 R
 8573   2 10.7 S
 8530   3 10.7 S
 8667   0  0.0 S
=== 22:25:01 pid=8530 AP=57.0
1950/1950 1950/1950 1950/1846 1846/1950 2106/2210 1508/2106 1560/1456 1560/1560 cur/cap_MHz
 8587   7  100 R
 8872   4 17.8 R
 8871   6 17.8 R
 8573   0 10.7 S
 8530   3 10.7 S
 8659   0  0.0 S
=== 22:25:04 pid=8530 AP=57.0
1456/1846 1456/1456 1950/1950 1456/1846 1508/2314 2002/2002 1664/1664 1456/1456 cur/cap_MHz
 8587   5 93.3 R
 8965   4 16.6 R
 8964   7 16.6 R
 8573   2 13.3 R
 8530   0 10.0 S
 8659   0  0.0 S
=== 22:25:07 pid=8530 AP=57.0
1950/1950 1456/1456 1846/1846 1456/1846 1794/2314 1222/2002 1378/1248 1144/1378 cur/cap_MHz
 8587   6  107 R
 8573   0 14.2 S
 8530   2 10.7 S
 8572   0  3.5 S
 8659   0  0.0 S
 8658   3  0.0 S
=== 22:25:11 pid=8530 AP=59.2
1456/1456 1846/1846 1846/1846 1846/1846 1794/2210 1794/2210 819/1144 1378/1378 cur/cap_MHz
 8587   4  113 R
 9145   6 10.0 R
 9144   5 10.0 R
 8573   2 10.0 S
 8530   2 10.0 S
 8659   0  0.0 S
=== 22:25:14 pid=8530 AP=59.2
1950/1846 1950/1950 1456/1456 1456/1456 1794/2210 1794/2210 1664/1664 1378/1378 cur/cap_MHz
 8587   6  107 R
 9237   5 17.8 R
 9236   7 17.8 R
 8573   0 10.7 S
 8530   0 10.7 S
 8657   2  3.5 S
=== 22:25:18 pid=8530 AP=59.2
1950/1950 1846/1456 1456/1456 1846/1846 1794/2210 1794/2314 1378/1378 1378/1378 cur/cap_MHz
 8587   6  107 R
 9326   4 14.2 R
 9325   7 14.2 R
 8573   0 10.7 S
 8530   1 10.7 S
 8572   3  3.5 S
=== 22:25:21 pid=8530 AP=60.0
1846/1846 1846/1846 1846/1846 1846/1950 1898/2210 1404/2314 1248/1378 1248/1664 cur/cap_MHz
 8587   5  103 R
 8573   0  7.1 S
 9401   5  3.5 R
 9411   7  0.0 S
 9406   3  0.0 S
 8659   0  0.0 S
