=== 22:22:56 pid= AP=37.8
949/1950 806/1950 1950/1950 949/1950 1690/2314 1690/2314 520/2730 520/2730 cur/cap_MHz
=== 22:22:59 pid= AP=37.8
1456/1950 949/1950 1053/1950 1053/1950 1586/2314 1690/2314 520/2730 520/2730 cur/cap_MHz
=== 22:23:02 pid= AP=37.8
1586/1950 806/1950 1053/1950 1053/1950 507/2314 1586/2314 520/2730 520/2730 cur/cap_MHz
=== 22:23:05 pid= AP=37.8
1053/1950 806/1950 806/1950 949/1950 1690/2314 1690/2314 520/2730 520/2730 cur/cap_MHz
=== 22:23:08 pid= AP=37.8
1742/1950 1053/1950 806/1950 949/1950 1690/2314 507/2314 520/2730 520/2730 cur/cap_MHz
=== 22:23:11 pid= AP=37.7
1300/1950 806/1950 806/1950 1950/1950 1404/2314 1404/2314 1144/2730 1144/2730 cur/cap_MHz
=== 22:23:14 pid= AP=37.7
1456/1950 1456/1950 1456/1950 1456/1950 507/2314 507/2314 520/2730 520/2730 cur/cap_MHz
=== 22:23:17 pid= AP=37.7
1950/1950 1950/1950 1950/1950 1950/1950 507/2314 1404/2314 520/2730 520/2730 cur/cap_MHz
=== 22:23:20 pid= AP=39.6
1950/1950 1950/1950 1950/1950 1950/1950 2314/2314 2314/2314 2530/2530 2530/2530 cur/cap_MHz
=== 22:23:24 pid=7335 AP=39.6
1053/1950 1300/1950 1053/1950 1950/1950 1404/2314 507/2314 2470/2470 2470/2470 cur/cap_MHz
 7414   6  114 R
 7403   0 10.7 R
 7335   2  7.1 R
 7415   5  0.0 S
 7412   6  0.0 S
 7409   7  0.0 S
=== 22:23:28 pid=7335 AP=39.6
1456/1950 1456/1950 1456/1950 1157/1950 1404/2314 1404/2314 1664/2530 1976/2530 cur/cap_MHz
 7496   7  121 R
 7414   6  121 R
 7403   2 10.7 S
 7335   0  7.1 S
 7465   0  0.0 S
 7461   5  0.0 S
=== 22:23:31 pid=7335 AP=50.4
1586/1950 1053/1950 949/1950 1053/1950 1404/2314 1404/2314 2236/2080 2080/2080 cur/cap_MHz
 7414   6  121 R
 7335   0 17.8 S
 7403   1 14.2 S
 7465   0  0.0 S
 7459   0  0.0 S
 7458   1  0.0 S
=== 22:23:34 pid=7335 AP=50.4
1053/1950 806/1950 1053/1950 1053/1950 1404/2314 1404/2314 1976/1976 1976/1976 cur/cap_MHz
 7414   7  117 R
 7335   0 14.2 S
 7403   1 10.7 S
 7630   6  7.1 R
 7458   1  0.0 S
 7459   0  0.0 S
=== 22:23:38 pid=7335 AP=50.4
1300/1950 1053/1950 1053/1950 1053/1950 1404/2314 1404/2314 1976/1976 1976/1976 cur/cap_MHz
 7414   6  117 R
 7335   3 14.2 S
 7726   7  7.1 R
 7403   3  7.1 S
 7646   0  0.0 S
 7458   1  0.0 S
=== 22:23:41 pid=7335 AP=60.1
1300/1950 1157/1950 1157/1950 1053/1950 1508/2314 1404/2314 1976/1976 1976/1976 cur/cap_MHz
 7414   6  117 R
 7335   0 14.2 S
 7403   1 10.7 R
 7799   7  3.5 R
 7458   1  0.0 S
 7459   0  0.0 S
=== 22:23:44 pid=7335 AP=60.1
1053/1950 1053/1950 1053/1950 1053/1950 1404/2314 2314/2210 819/819 1040/1040 cur/cap_MHz
 7414   4  106 R
 7403   3 10.3 R
 7335   1 10.3 S
 7458   1  0.0 S
 7459   0  0.0 S
 7412   5  0.0 S
=== 22:23:48 pid=7335 AP=60.1
1456/1950 1053/1950 1053/1950 1053/1950 1404/2314 1404/2314 1820/1820 1976/1976 cur/cap_MHz
 7414   6 75.0 R
 7403   0 10.7 S
 7335   2  7.1 S
 7458   1  0.0 S
 7459   0  0.0 S
 7412   5  0.0 S
=== 22:23:51 pid=7335 AP=61.8
1742/1950 1053/1950 1053/1950 1053/1950 1404/2314 1404/2314 1976/1976 1976/1976 cur/cap_MHz
 7414   6  121 R
 7335   0 14.2 S
 7403   1 10.7 S
 7458   1  0.0 S
 7459   0  0.0 S
 7412   5  0.0 S
=== 22:23:54 pid= AP=61.8
1950/1950 1950/1950 1950/1950 1950/1950 2314/2314 2314/2314 2236/2236 2340/2340 cur/cap_MHz
