=== 22:19:43 pid= AP=42.4
1053/1950 806/1950 1053/1950 1053/1950 507/2314 1404/2314 520/2730 520/2730 cur/cap_MHz
=== 22:19:47 pid= AP=42.4
1300/1950 806/1950 1053/1950 949/1950 1404/2314 1404/2314 1144/2730 1248/2730 cur/cap_MHz
=== 22:19:51 pid= AP=40.4
1300/1950 1053/1950 1053/1950 1053/1950 507/2314 507/2314 520/2730 1248/2730 cur/cap_MHz
=== 22:19:55 pid= AP=40.4
1300/1950 806/1950 806/1950 1053/1950 1508/2314 507/2314 1248/2730 520/2730 cur/cap_MHz
=== 22:19:59 pid= AP=39.0
1300/1950 1586/1950 1742/1950 1846/1950 1404/2314 507/2314 520/2730 1144/2730 cur/cap_MHz
=== 22:20:03 pid= AP=39.0
1846/1950 1456/1950 1456/1950 1950/1950 1404/2314 507/2314 1040/2730 520/2730 cur/cap_MHz
=== 22:20:08 pid= AP=39.0
1950/1950 1950/1950 1950/1950 1950/1950 2314/2314 2314/2314 2470/2470 2470/2470 cur/cap_MHz
=== 22:20:11 pid=4866 AP=46.7
1157/1950 1053/1950 1950/1950 1950/1950 507/2314 507/2314 2470/2470 2470/2470 cur/cap_MHz
  TID CPU %CPU[S
 4944   2 11.1 S
 4866   0 11.1 S
 4881   2  3.7 S
 4956   5  0.0 S
 4955   5  0.0 S
=== 22:20:16 pid=4866 AP=46.7
1846/1846 1846/1846 1846/1846 1846/1456 2210/2106 2106/2106 1976/1976 2080/2236 cur/cap_MHz
  TID CPU %CPU[S
 4944   1 11.7 S
 4866   1  8.8 S
 5005   4  0.0 S
 5003   4  0.0 S
 5002   2  0.0 S
=== 22:20:20 pid=4866 AP=55.7
1456/1846 1456/1846 1456/1846 1456/1456 2106/2210 1404/2210 1664/1560 1560/1456 cur/cap_MHz
  TID CPU %CPU[S
 4944   0 17.8 S
 4866   3 10.7 S
 5001   1  0.0 S
 5000   0  0.0 S
 4956   1  0.0 S
=== 22:20:25 pid=4866 AP=55.7
1950/1846 1456/1846 1053/1950 1157/1950 507/2314 507/2314 2080/2080 2080/2080 cur/cap_MHz
  TID CPU %CPU[S
 4944   0  8.8 S
 4866   3  5.8 S
 5390   3  0.0 S
 5381   3  0.0 S
 5370   6  0.0 S
=== 22:20:30 pid=4866 AP=59.6
1053/1456 1053/1456 1157/1456 1053/1846 2002/2314 2002/2314 1976/1976 1976/1976 cur/cap_MHz
  TID CPU %CPU[S
 4866   3 17.1 S
 4944   1 14.2 S
 5381   3  0.0 S
 5370   3  0.0 S
 5000   0  0.0 S
=== 22:20:35 pid=4866 AP=59.6
1157/1456 1456/1456 949/1456 806/1456 1404/2210 1404/2106 1820/1820 1820/1820 cur/cap_MHz
  TID CPU %CPU[S
 4866   3 17.1 S
 4944   1 14.2 S
 4940   1  2.8 S
 5381   3  0.0 S
 5370   0  0.0 S
=== 22:20:40 pid=4866 AP=61.0
1157/1846 1053/1846 1053/1846 1846/1846 2002/2210 2002/2210 1976/1976 1976/1976 cur/cap_MHz
  TID CPU %CPU[S
 4944   3 12.5 S
 4866   3 12.5 S
 5370   0  2.5 S
 5381   3  0.0 S
 5000   0  0.0 S
=== 22:20:44 pid=4866 AP=61.0
1456/1846 1456/1846 1157/1456 1157/1456 2106/2210 2106/2210 1976/1976 1976/1976 cur/cap_MHz
  TID CPU %CPU[S
 4944   2 17.2 S
 4866   0 13.7 S
 5381   3  0.0 S
 5370   3  0.0 S
 5000   0  0.0 S
=== 22:20:49 pid=4866 AP=61.7
806/1846 1053/1846 1157/1456 1157/1456 2106/2210 2106/2314 1976/1820 1664/1664 cur/cap_MHz
  TID CPU %CPU[S
 4944   0 10.5 S
 4866   3 10.5 S
 5381   3  0.0 S
 5370   0  0.0 S
 5000   0  0.0 S
=== 22:20:54 pid=4866 AP=61.7
1456/1456 1456/1456 1157/1456 1456/1456 2002/2210 2002/2210 1820/1820 1820/1820 cur/cap_MHz
  TID CPU %CPU[S
 4866   0 17.6 S
 4944   1 14.7 S
 4940   2  2.9 S
 5381   3  0.0 S
 5370   2  0.0 S
=== 22:20:59 pid=4866 AP=62.0
1053/1846 1053/1846 1053/1456 1053/1456 2002/2210 2002/2314 1820/2080 1820/2080 cur/cap_MHz
  TID CPU %CPU[S
 4944   3 10.7 S
 4866   2  7.1 S
 6273   3  0.0 S
 5381   3  0.0 S
 5370   6  0.0 S
=== 22:21:03 pid=4866 AP=62.0
1456/1950 1053/1950 1053/1950 949/1950 1794/2314 1794/2314 1560/2470 1560/2470 cur/cap_MHz
  TID CPU %CPU[S
 4944   1  6.8 S
 5381   3  0.0 S
 5000   0  0.0 S
 5001   1  0.0 S
 4952   5  0.0 S
=== 22:21:08 pid=4866 AP=62.0
1846/1950 1950/1950 1053/1950 1053/1950 1794/2314 1794/2314 1560/2470 1560/2530 cur/cap_MHz
  TID CPU %CPU[S
 4866   2 10.7 S
 4944   2  7.1 S
 6374   1  0.0 S
 6373   0  0.0 S
 5381   3  0.0 S
=== 22:21:12 pid=4866 AP=54.9
1157/1950 1950/1950 1053/1950 1950/1950 1690/2314 1690/2314 1378/2470 1378/2470 cur/cap_MHz
  TID CPU %CPU[S
 4866   0 10.3 S
 4944   0  6.8 S
 5381   3  0.0 S
 5000   0  0.0 S
 5001   1  0.0 S
=== 22:21:17 pid=4866 AP=54.9
1950/1950 1053/1950 1950/1950 1053/1950 1690/2314 1690/2314 1378/2600 1378/2600 cur/cap_MHz
  TID CPU %CPU[S
 4866   1 10.3 S
 5381   3  0.0 S
 5001   1  0.0 S
 5000   0  0.0 S
 4952   5  0.0 S
=== 22:21:21 pid=4866 AP=52.0
1950/1950 1950/1950 1950/1950 1950/1950 1586/2314 1690/2314 1378/2470 1378/2236 cur/cap_MHz
  TID CPU %CPU[S
 4866   1  9.0 S
 6571   2  0.0 S
 5381   3  0.0 S
 5001   1  0.0 S
 5000   0  0.0 S
=== 22:21:26 pid=4866 AP=52.0
1950/1950 1300/1950 1950/1950 1950/1950 1690/2314 1690/2314 1378/2340 1378/2470 cur/cap_MHz
  TID CPU %CPU[S
 4866   3 10.3 S
 4944   2  6.8 S
 6655   4  0.0 S
 5381   3  0.0 S
 5001   1  0.0 S
=== 22:21:31 pid=4866 AP=51.6
1950/1950 1950/1950 1053/1950 1950/1950 1690/2314 1690/2314 1378/2340 1378/2340 cur/cap_MHz
  TID CPU %CPU[S
 4866   0 20.0 S
 6655   1  6.6 S
 4944   3  6.6 S
 6733   3  0.0 S
 5381   3  0.0 S
=== 22:21:36 pid=4866 AP=51.6
1950/1950 1950/1950 1950/1950 1950/1950 1690/2314 1690/2314 1378/2530 1378/2600 cur/cap_MHz
  TID CPU %CPU[S
 4944   2  9.0 S
 4866   3  9.0 S
 6655   5  0.0 S
 5381   3  0.0 S
 5001   1  0.0 S
=== 22:21:41 pid=4866 AP=50.0
1950/1950 1950/1950 1950/1950 1950/1950 2314/2314 2314/2314 2530/2600 2530/2600 cur/cap_MHz
  TID CPU %CPU[S
