=== 22:17:52 pid= AP=37.8
1300/1950 1053/1950 1053/1950 949/1950 1404/2314 1404/2314 520/2730 520/2730 cur/cap_MHz
=== 22:17:56 pid= AP=37.8
1053/1950 1053/1950 1053/1950 1053/1950 507/2314 1690/2314 520/2730 1248/2730 cur/cap_MHz
=== 22:18:00 pid= AP=36.4
1157/1950 1053/1950 442/1950 806/1950 507/2314 1508/2314 520/2730 520/2730 cur/cap_MHz
=== 22:18:04 pid= AP=36.4
1456/1950 1053/1950 546/1950 1053/1950 1404/2314 507/2314 1248/2730 520/2730 cur/cap_MHz
=== 22:18:08 pid= AP=36.4
1586/1950 806/1950 806/1950 806/1950 1508/2314 507/2314 520/2730 520/2730 cur/cap_MHz
=== 22:18:12 pid= AP=35.5
1950/1950 1456/1950 1456/1950 1456/1950 507/2314 1404/2314 520/2730 1040/2730 cur/cap_MHz
=== 22:18:16 pid= AP=35.5
1950/1950 1950/1950 1950/1950 1950/1950 1404/2314 1404/2314 520/2730 520/2730 cur/cap_MHz
=== 22:18:20 pid=2803 AP=41.4
1950/1950 1950/1950 1950/1950 1950/1950 2314/2314 2314/2314 2470/2470 2470/2470 cur/cap_MHz
  TID CPU %CPU[S
 2803   4  3.7 S
 2888   7  0.0 S
 2879   0  0.0 S
 2852   7  0.0 S
 2851   6  0.0 S
=== 22:18:25 pid=2803 AP=41.4
1456/1950 1846/1950 1950/1950 1950/1950 1404/2314 1404/2314 2236/2236 2236/2236 cur/cap_MHz
  TID CPU %CPU[S
 2852   7 1542 S
 2850   3  150 S
 2847   6  100 S
 2846   3 10.7 S
 2841   7  7.1 S
=== 22:18:29 pid=2803 AP=54.6
1742/1950 1456/1950 1053/1950 1300/1846 1404/2314 2314/2314 1976/1976 1976/1976 cur/cap_MHz
  TID CPU %CPU[S
 2989   5 42.8 S
 2988   5 25.0 S
 2846   0 14.2 S
 2803   1 10.7 S
 2993   6  3.5 S
=== 22:18:33 pid=2803 AP=54.6
1456/1846 1300/1456 1456/1950 1846/1950 1404/2210 2314/2314 1820/1820 1820/1820 cur/cap_MHz
  TID CPU %CPU[S
 2846   2  9.0 S
 2986   2  0.0 S
 2987   0  0.0 S
 2852   5  0.0 S
 2850   2  0.0 S
=== 22:18:38 pid=2803 AP=54.6
1456/1456 1846/1846 1456/1846 1846/1950 2106/2106 1898/2002 1378/1378 1560/1560 cur/cap_MHz
  TID CPU %CPU[S
 2803   3 10.7 S
 2846   2  7.1 S
 3304   7  0.0 S
 3303   3  0.0 S
 3302   0  0.0 S
=== 22:18:42 pid=2803 AP=59.3
1456/1950 1300/1846 1157/1950 1157/1846 1404/2314 2314/2314 1976/1976 1976/1820 cur/cap_MHz
  TID CPU %CPU[S
 2803   0 14.2 S
 2846   1 10.7 S
 3303   3  0.0 S
 3302   1  0.0 S
 2987   0  0.0 S
=== 22:18:47 pid=2803 AP=59.3
1950/1846 1053/1950 1053/1950 1053/1950 2210/2210 1508/2314 1976/1976 1976/1976 cur/cap_MHz
  TID CPU %CPU[S
 2846   3 13.7 S
 3303   3  0.0 S
 3302   1  0.0 S
 2986   2  0.0 S
 2987   0  0.0 S
=== 22:18:51 pid=2803 AP=60.1
1742/1846 1157/1846 1053/1846 1157/1456 1404/2314 2314/2314 1820/1976 1976/1976 cur/cap_MHz
  TID CPU %CPU[S
 2803   1 17.2 S
 2846   1 13.7 S
 3302   1  3.4 S
 2845   3  3.4 S
 3303   3  0.0 S
=== 22:18:55 pid=2803 AP=60.1
1300/1846 1300/1846 949/1950 1053/1846 1898/2210 2210/2106 1820/1976 1976/1976 cur/cap_MHz
  TID CPU %CPU[S
 2846   0 17.8 S
 2803   0 14.2 S
 3303   3  0.0 S
 3302   3  0.0 S
 2987   0  0.0 S
=== 22:19:00 pid=2803 AP=61.4
1300/1846 806/1846 1157/1846 1053/1846 1898/2210 2106/2106 1664/1820 1820/1664 cur/cap_MHz
  TID CPU %CPU[S
 2846   0 17.8 S
 2803   3 17.8 S
 3303   3  0.0 S
 3302   1  0.0 S
 2987   0  0.0 S
=== 22:19:04 pid=2803 AP=61.4
1456/1846 1053/1846 1157/1846 1053/1846 2314/2002 1404/2210 1560/1560 1664/1664 cur/cap_MHz
  TID CPU %CPU[S
 2846   0 14.2 S
 2803   3 10.7 S
 3303   3  0.0 S
 3302   1  0.0 S
 2987   0  0.0 S
=== 22:19:09 pid=2803 AP=61.4
1157/1846 1053/1846 1157/1846 1157/1846 1404/2210 2002/2210 1560/1560 1820/1820 cur/cap_MHz
  TID CPU %CPU[S
 2846   2 10.7 S
 2803   1  7.1 S
 2845   2  3.5 S
 4102   0  0.0 S
 3303   3  0.0 S
=== 22:19:13 pid=2803 AP=61.9
1456/1846 1157/1846 1053/1846 1157/1846 1586/2210 2002/2106 1820/1820 1976/1976 cur/cap_MHz
  TID CPU %CPU[S
 2846   1 14.2 S
 2803   0 14.2 S
 3303   3  0.0 S
 3302   1  0.0 S
 2987   0  0.0 S
=== 22:19:17 pid=2803 AP=61.9
1456/1846 806/1950 1053/1950 1300/1950 1898/2314 507/2314 2236/2236 2236/2236 cur/cap_MHz
  TID CPU %CPU[S
