=== 23:27:10 pid= AP=31.9
cpu0 1456/1950 cpu4 1404/2314 cpu6 520/2730 cpu7 520/2730 cur/cap_MHz
=== 23:27:14 pid= AP=31.9
cpu0 1300/1950 cpu4 507/2314 cpu6 1144/2730 cpu7 520/2730 cur/cap_MHz
=== 23:27:17 pid= AP=31.9
cpu0 806/1950 cpu4 507/2314 cpu6 520/2730 cpu7 520/2730 cur/cap_MHz
=== 23:27:21 pid= AP=31.7
cpu0 806/1950 cpu4 507/2314 cpu6 520/2730 cpu7 520/2730 cur/cap_MHz
=== 23:27:25 pid= AP=31.7
cpu0 442/1950 cpu4 507/2314 cpu6 520/2730 cpu7 520/2730 cur/cap_MHz
=== 23:27:29 pid= AP=31.7
cpu0 1300/1950 cpu4 1404/2314 cpu6 520/2730 cpu7 520/2730 cur/cap_MHz
=== 23:27:33 pid= AP=31.3
cpu0 1300/1950 cpu4 507/2314 cpu6 520/2730 cpu7 520/2730 cur/cap_MHz
=== 23:27:36 pid= AP=31.3
cpu0 1053/1950 cpu4 1404/2314 cpu6 520/2730 cpu7 520/2730 cur/cap_MHz
=== 23:27:41 pid= AP=31.2
cpu0 1586/1950 cpu4 1404/2314 cpu6 520/2730 cpu7 1248/2730 cur/cap_MHz
=== 23:27:44 pid= AP=31.2
cpu0 1157/1950 cpu4 1404/2314 cpu6 1144/2730 cpu7 1144/2730 cur/cap_MHz
=== 23:27:48 pid= AP=31.2
cpu0 1950/1950 cpu4 1404/2314 cpu6 1144/2730 cpu7 520/2730 cur/cap_MHz
=== 23:27:52 pid= AP=32.3
cpu0 1950/1950 cpu4 1404/2314 cpu6 520/2730 cpu7 520/2730 cur/cap_MHz
=== 23:27:56 pid=16106 AP=32.3
cpu0 1456/1950 cpu4 2210/2314 cpu6 2530/2530 cpu7 2600/2600 cur/cap_MHz
16164   6 85.1 R
16106   3 14.8 S
16153   1  7.4 S
16167   5  0.0 S
=== 23:28:00 pid=16106 AP=47.7
cpu0 1950/1950 cpu4 1066/2314 cpu6 2470/2470 cpu7 2340/2340 cur/cap_MHz
16106   3 85.7 S
16164   6 14.2 R
16153   3 10.7 S
16156   7  3.5 S
=== 23:28:04 pid=16106 AP=47.7
cpu0 1742/1950 cpu4 1404/2314 cpu6 2236/2236 cpu7 2236/2236 cur/cap_MHz
16164   6  129 R
16106   2 14.8 S
16350   4 11.1 R
16153   0 11.1 S
=== 23:28:09 pid=16106 AP=47.7
cpu0 1742/1950 cpu4 1404/2314 cpu6 2080/2080 cpu7 2080/2080 cur/cap_MHz
16164   6  121 R
16413   7 14.2 R
16106   1 14.2 S
16153   0 10.7 S
=== 23:28:13 pid=16106 AP=56.3
cpu0 1157/1950 cpu4 1404/2314 cpu6 1976/1976 cpu7 1976/1976 cur/cap_MHz
16164   6  125 R
16510   7 14.2 R
16106   2 14.2 S
16153   3  7.1 S
=== 23:28:17 pid=16106 AP=56.3
cpu0 1157/1950 cpu4 1404/2314 cpu6 1976/1976 cpu7 1664/1664 cur/cap_MHz
16164   5 89.6 D
16153   3 10.3 R
16106   3  6.8 S
16421   2  0.0 S
=== 23:28:21 pid=16106 AP=58.0
cpu0 1300/1950 cpu4 1404/2314 cpu6 2080/2080 cpu7 2080/2080 cur/cap_MHz
16164   6  125 R
16106   1 14.2 S
16153   3 10.7 S
16152   2  3.5 S
=== 23:28:26 pid=16106 AP=58.0
cpu0 806/1950 cpu4 1508/2314 cpu6 520/2530 cpu7 520/2530 cur/cap_MHz
16106   0 28.5 S
16164   6 21.4 S
16586   0 14.2 S
16153   2  7.1 S
=== 23:28:30 pid=16106 AP=57.5
cpu0 1586/1950 cpu4 1404/2314 cpu6 2080/2080 cpu7 2080/2080 cur/cap_MHz
16164   6  125 R
16106   2 14.8 S
16153   1 11.1 S
16687   4  0.0 S
=== 23:28:34 pid=16106 AP=57.5
cpu0 1456/1950 cpu4 1404/2314 cpu6 2080/2080 cpu7 2080/2080 cur/cap_MHz
16164   6  121 R
16106   1 14.2 S
16153   0 10.7 S
16772   1  0.0 S
=== 23:28:38 pid=16106 AP=57.5
cpu0 1456/1950 cpu4 1404/2314 cpu6 2080/1976 cpu7 2080/2080 cur/cap_MHz
16164   6  125 R
16106   2 14.2 S
16153   0  7.1 S
16586   1  3.5 S
=== 23:28:43 pid=16106 AP=60.2
cpu0 1456/1950 cpu4 1404/2314 cpu6 2080/1976 cpu7 2080/2080 cur/cap_MHz
16164   6  125 R
16918   2 33.3 R
16106   1 14.8 S
16153   0 11.1 S
=== 23:28:47 pid=16106 AP=60.2
cpu0 1950/1950 cpu4 1898/2314 cpu6 1976/1976 cpu7 1976/1820 cur/cap_MHz
16164   6  117 R
16153   3 10.7 S
16106   1  7.1 S
16942   2  0.0 S
=== 23:28:51 pid=16106 AP=60.8
cpu0 1157/1950 cpu4 1404/2314 cpu6 1976/1976 cpu7 1976/1976 cur/cap_MHz
16164   6  121 R
16106   0 14.2 S
17022   7  7.1 R
16153   2  7.1 S
=== 23:28:55 pid=16106 AP=60.8
cpu0 1157/1950 cpu4 1066/2314 cpu6 1976/1664 cpu7 1820/1820 cur/cap_MHz
16164   6  125 R
16106   3 10.7 S
16153   2  7.1 R
17089   7  0.0 R
=== 23:28:59 pid=16106 AP=61.5
cpu0 1586/1950 cpu4 1404/2314 cpu6 1976/1976 cpu7 2080/1976 cur/cap_MHz
16164   7  129 R
16153   0 11.1 S
16106   3 11.1 S
17117   0  0.0 S
=== 23:29:04 pid=16106 AP=61.5
cpu0 1157/1950 cpu4 1404/2314 cpu6 1976/1976 cpu7 1976/1976 cur/cap_MHz
16164   7  121 R
16106   3 14.2 R
16153   0 10.7 S
17198   6  7.1 R
=== 23:29:08 pid=16106 AP=61.5
cpu0 1456/1950 cpu4 1404/2314 cpu6 1976/1976 cpu7 1976/1976 cur/cap_MHz
16164   6  125 R
17267   7 40.7 R
16153   3 11.1 S
16106   3  7.4 S
=== 23:29:12 pid=16106 AP=61.5
cpu0 1300/1950 cpu4 1404/2314 cpu6 2080/2080 cpu7 1976/2080 cur/cap_MHz
16164   7  121 R
16153   2 10.7 S
16106   2 10.7 R
16937   1  0.0 S
=== 23:29:16 pid=16106 AP=61.5
cpu0 1456/1950 cpu4 1794/2314 cpu6 1664/1664 cpu7 1976/1976 cur/cap_MHz
16164   7  125 R
16153   2 10.7 S
16106   1 10.7 S
16937   2  0.0 S
=== 23:29:20 pid=16106 AP=62.3
cpu0 1950/1950 cpu4 1404/2314 cpu6 1664/1664 cpu7 1820/1820 cur/cap_MHz
16164   6  103 R
16106   2 32.1 S
16153   3 10.7 S
16937   1  7.1 S
=== 23:29:25 pid=16106 AP=62.3
cpu0 1157/1950 cpu4 1404/2314 cpu6 1976/1976 cpu7 1976/1976 cur/cap_MHz
16164   6  128 R
16106   0 14.2 S
16153   3 10.7 S
17487   7  3.5 R
=== 23:29:29 pid=16106 AP=62.3
cpu0 1157/1950 cpu4 1404/2314 cpu6 1976/1976 cpu7 1976/1976 cur/cap_MHz
16164   6  121 R
16153   1 10.7 S
16106   3 10.7 S
16152   1  3.5 S
=== 23:29:33 pid=16106 AP=62.4
cpu0 1157/1950 cpu4 1404/2314 cpu6 1976/1976 cpu7 1664/1820 cur/cap_MHz
16164   6 75.0 R
16106   3 46.4 S
17565   1 21.4 S
16153   1 10.7 S
=== 23:29:37 pid=16106 AP=62.4
cpu0 1157/1950 cpu4 1404/2314 cpu6 1976/1976 cpu7 1976/1976 cur/cap_MHz
16164   7  125 R
16153   2 14.2 S
16106   0 14.2 S
17613   3  0.0 S
=== 23:29:42 pid=16106 AP=62.5
cpu0 1456/1950 cpu4 1404/2314 cpu6 1976/1976 cpu7 1976/1976 cur/cap_MHz
16164   7  121 R
16153   3 10.7 S
16106   2 10.7 S
17613   3  0.0 S
=== 23:29:46 pid=16106 AP=62.5
cpu0 1300/1950 cpu4 1508/2314 cpu6 1976/1976 cpu7 1820/1976 cur/cap_MHz
16164   6  121 R
16106   2 10.7 S
16153   2  7.1 S
17613   3  0.0 S
=== 23:29:50 pid=16106 AP=63.0
cpu0 1157/1950 cpu4 1404/2314 cpu6 1976/1976 cpu7 1976/1976 cur/cap_MHz
16164   6  117 R
16153   0 10.7 R
16106   1 10.7 S
16152   0  3.5 S
=== 23:29:54 pid=16106 AP=63.0
cpu0 1157/1950 cpu4 1404/2314 cpu6 1820/1820 cpu7 1820/1976 cur/cap_MHz
16164   6  125 R
16153   1 10.7 S
16106   1 10.7 S
17800   2  0.0 S
=== 23:29:58 pid=16106 AP=63.0
cpu0 1456/1950 cpu4 1508/2314 cpu6 1820/1976 cpu7 1820/1976 cur/cap_MHz
16164   6  125 R
17972   1 28.5 S
16153   0 10.7 S
16106   0 10.7 S
=== 23:30:03 pid=16106 AP=63.0
cpu0 1053/1950 cpu4 1508/2314 cpu6 1820/2080 cpu7 1820/1976 cur/cap_MHz
16164   6  125 R
16153   2 10.7 S
16106   1 10.7 S
18035   7  0.0 R
=== 23:30:07 pid=16106 AP=63.0
cpu0 1053/1950 cpu4 1404/2314 cpu6 1820/2236 cpu7 1820/2236 cur/cap_MHz
16164   7  121 R
16153   0 10.7 S
16106   2 10.7 S
16152   1  3.5 S
=== 23:30:11 pid=16106 AP=60.0
cpu0 1456/1950 cpu4 1404/2314 cpu6 1560/2236 cpu7 1560/2236 cur/cap_MHz
16164   6  121 R
18132   5 10.7 R
16153   2 10.7 S
16106   0 10.7 S
=== 23:30:15 pid=16106 AP=60.0
cpu0 949/1950 cpu4 1508/2314 cpu6 1560/2340 cpu7 1560/2340 cur/cap_MHz
16164   6  121 R
16153   0 14.2 S
16106   3 10.7 S
17800   3  3.5 S
=== 23:30:20 pid=16106 AP=56.2
cpu0 1950/1950 cpu4 1690/2314 cpu6 1378/2236 cpu7 1378/2236 cur/cap_MHz
16164   6  100 R
16153   0 13.7 S
16106   0 10.3 S
17800   0  0.0 S
=== 23:30:24 pid=16106 AP=56.2
cpu0 1053/1950 cpu4 1690/2314 cpu6 1378/2470 cpu7 1378/2470 cur/cap_MHz
16164   6  117 R
16153   3 14.2 S
16106   3 10.7 S
18257   2  0.0 S
=== 23:30:28 pid=16106 AP=56.2
cpu0 1053/1950 cpu4 1690/2314 cpu6 1378/2470 cpu7 1378/2470 cur/cap_MHz
16164   6  121 R
16153   0 17.8 S
16106   3 10.7 S
16152   2  3.5 S
=== 23:30:32 pid=16106 AP=53.8
cpu0 1053/1950 cpu4 1690/2314 cpu6 1378/2470 cpu7 1378/2470 cur/cap_MHz
16164   6  121 R
16153   1 14.2 S
16106   3 10.7 S
18257   3  0.0 S
=== 23:30:36 pid=16106 AP=53.8
cpu0 1586/1950 cpu4 1690/2314 cpu6 1378/2470 cpu7 1378/2470 cur/cap_MHz
16164   6  125 R
16153   3 14.2 R
16106   3  7.1 S
18257   3  0.0 S
=== 23:30:41 pid=16106 AP=52.4
cpu0 1742/1950 cpu4 1690/2314 cpu6 1378/2530 cpu7 1378/2470 cur/cap_MHz
16164   6  121 R
18473   4 53.5 R
16153   0 14.2 S
16106   2 14.2 S
=== 23:30:45 pid=16106 AP=52.4
cpu0 1053/1950 cpu4 1690/2314 cpu6 1378/2530 cpu7 1378/2530 cur/cap_MHz
16164   6  121 R
18518   5 53.5 R
16153   0 17.8 S
16106   2 14.2 S
=== 23:30:49 pid=16106 AP=51.3
cpu0 1053/1950 cpu4 1690/2314 cpu6 1378/2470 cpu7 1378/2530 cur/cap_MHz
16164   6  117 R
16153   0 13.7 S
16106   1 13.7 S
18528   1  0.0 S
=== 23:30:53 pid=16106 AP=51.3
cpu0 1950/1950 cpu4 1690/2314 cpu6 520/2600 cpu7 1378/2600 cur/cap_MHz
18574   5  125 R
16164   4  121 R
16153   0 10.7 R
16106   3 10.7 S
=== 23:30:58 pid=16106 AP=51.3
cpu0 1950/1950 cpu4 1690/2314 cpu6 520/2530 cpu7 1378/2530 cur/cap_MHz
16164   4  128 R
18632   7 60.7 R
16153   0 17.8 S
16106   1 10.7 S
=== 23:31:02 pid=16106 AP=49.5
cpu0 1950/1950 cpu4 1690/2314 cpu6 1378/2470 cpu7 1378/2470 cur/cap_MHz
16164   4  110 R
16153   0 10.7 S
16106   0 10.7 S
18528   1  0.0 S
=== 23:31:06 pid=16106 AP=49.5
cpu0 1950/1950 cpu4 1690/2314 cpu6 1378/2470 cpu7 1378/2470 cur/cap_MHz
16164   4  125 R
16153   0 14.2 R
16106   1 10.7 S
18687   0  0.0 S
=== 23:31:10 pid=16106 AP=49.9
cpu0 1950/1950 cpu4 1690/2314 cpu6 1378/2530 cpu7 1378/2530 cur/cap_MHz
16164   4  121 R
18750   5 28.5 R
16153   1 10.7 R
16106   2 10.7 S
=== 23:31:15 pid=16106 AP=49.9
cpu0 949/1950 cpu4 1690/2314 cpu6 1378/2530 cpu7 1378/2530 cur/cap_MHz
16164   4  132 R
16153   0 14.2 S
16106   0 14.2 S
17613   3  0.0 S
=== 23:31:19 pid=16106 AP=49.3
cpu0 1950/1950 cpu4 1690/2314 cpu6 1378/2600 cpu7 1378/2600 cur/cap_MHz
16164   4  128 R
18837   5 35.7 R
16153   1 17.8 S
16106   1  7.1 S
=== 23:31:23 pid=16106 AP=49.3
cpu0 1053/1950 cpu4 1690/2314 cpu6 1378/2600 cpu7 520/2530 cur/cap_MHz
18889   4  120 R
16164   5  117 R
16153   0 13.7 R
16106   1  6.8 S
=== 23:31:28 pid=16106 AP=49.3
cpu0 1950/1950 cpu4 1690/2314 cpu6 1378/2530 cpu7 520/2470 cur/cap_MHz
16164   4  128 R
18986   5 35.7 R
16153   3 14.2 S
16106   1  7.1 S
=== 23:31:32 pid=16106 AP=49.0
cpu0 1742/1950 cpu4 1690/2314 cpu6 1378/2600 cpu7 1248/2600 cur/cap_MHz
16164   4  125 R
16153   2 14.2 S
16106   0 10.7 S
18820   3  0.0 S
=== 23:31:36 pid=16106 AP=49.0
cpu0 1846/1950 cpu4 1690/2314 cpu6 1378/2600 cpu7 1378/2530 cur/cap_MHz
16164   4  125 R
19065   5 32.1 R
16153   0 10.7 S
16106   2 10.7 S
=== 23:31:40 pid=16106 AP=48.3
cpu0 1053/1950 cpu4 1690/2314 cpu6 520/2600 cpu7 520/2600 cur/cap_MHz
19073   5  109 R
16164   4  109 R
16153   0 12.5 S
16106   3  9.3 S
=== 23:31:45 pid=16106 AP=48.3
cpu0 1950/1950 cpu4 1690/2314 cpu6 1378/2600 cpu7 1378/2600 cur/cap_MHz
16164   4  125 R
19128   5 32.1 R
16153   0 17.8 R
16106   1  7.1 R
=== 23:31:49 pid=16106 AP=47.9
cpu0 1742/1950 cpu4 1690/2314 cpu6 1378/2600 cpu7 1378/2530 cur/cap_MHz
16164   4  125 R
16153   0 14.2 R
16106   1 10.7 S
17613   3  0.0 S
=== 23:31:53 pid=16106 AP=47.9
cpu0 1950/1950 cpu4 1690/2314 cpu6 1378/2600 cpu7 1378/2600 cur/cap_MHz
16164   4  125 R
16153   0 10.7 S
16106   1  7.1 S
17613   3  0.0 S
=== 23:31:58 pid=16106 AP=47.9
cpu0 1742/1950 cpu4 1690/2314 cpu6 1378/2530 cpu7 1378/2530 cur/cap_MHz
16164   4  121 R
19249   5 28.5 R
16153   2 14.2 S
16106   1 10.7 S
=== 23:32:02 pid=16106 AP=48.4
cpu0 1950/1950 cpu4 1690/2314 cpu6 1378/2600 cpu7 1378/2600 cur/cap_MHz
16164   4  128 R
19289   5 28.5 R
16153   2 10.7 R
16106   2  7.1 S
=== 23:32:06 pid=16106 AP=48.4
cpu0 1456/1950 cpu4 1690/2314 cpu6 1378/2600 cpu7 1378/2530 cur/cap_MHz
16164   4  112 R
16153   0 12.9 S
16106   2  9.6 S
19214   2  0.0 S
=== 23:32:10 pid=16106 AP=49.0
cpu0 1950/1950 cpu4 1690/2314 cpu6 1378/2470 cpu7 1378/2470 cur/cap_MHz
16164   4  125 R
19387   6 60.7 R
16153   1 10.7 S
16106   0 10.7 S
=== 23:32:15 pid=16106 AP=49.0
cpu0 1053/1950 cpu4 1690/2314 cpu6 1378/2530 cpu7 1040/2600 cur/cap_MHz
16164   4  128 R
19428   5 32.1 R
16153   0 17.8 S
16106   1 10.7 S
=== 23:32:19 pid=16106 AP=49.0
cpu0 1950/1950 cpu4 1690/2314 cpu6 1378/2600 cpu7 1378/2600 cur/cap_MHz
16164   4  121 R
19463   5 28.5 R
16153   2 10.7 S
16106   0 10.7 S
=== 23:32:23 pid=16106 AP=48.9
cpu0 1053/1950 cpu4 1690/2314 cpu6 1378/2600 cpu7 1378/2600 cur/cap_MHz
16164   4  125 R
16153   2 14.2 S
16106   3 10.7 S
19386   3  0.0 S
=== 23:32:27 pid=16106 AP=48.9
cpu0 1950/1950 cpu4 1690/2314 cpu6 1040/2600 cpu7 1378/2600 cur/cap_MHz
16164   4  125 R
19544   5 28.5 R
16153   1 10.7 S
16106   3  7.1 R
=== 23:32:32 pid=16106 AP=48.8
cpu0 1053/1950 cpu4 1690/2314 cpu6 1378/2530 cpu7 1378/2600 cur/cap_MHz
16164   4  125 R
16153   0 14.2 S
16106   3 14.2 S
17613   3  0.0 S
=== 23:32:36 pid=16106 AP=48.8
cpu0 1300/1950 cpu4 1690/2314 cpu6 1378/2600 cpu7 1378/2530 cur/cap_MHz
16164   4  117 R
19642   6 60.7 R
16153   1 14.2 S
16106   0 10.7 S
=== 23:32:40 pid=16106 AP=48.8
cpu0 1586/1950 cpu4 1690/2314 cpu6 1378/2600 cpu7 520/2530 cur/cap_MHz
16164   4  125 R
16153   0 14.2 S
16106   3 10.7 S
16152   2  3.5 S
=== 23:32:45 pid=16106 AP=48.8
cpu0 1950/1950 cpu4 1690/2314 cpu6 520/2530 cpu7 520/2470 cur/cap_MHz
16164   4  128 R
19730   5 28.5 R
16153   0 14.2 S
16106   2 10.7 S
=== 23:32:49 pid=16106 AP=48.9
cpu0 1053/1950 cpu4 1690/2314 cpu6 2530/2530 cpu7 2530/2470 cur/cap_MHz
